[0;32mINFO 2026-08-27T15:52:03.082681848 Booting EDC runtime[0m
[0;33mWARNING 2026-08-27T15:52:03.101253276 Configuration file does not exist: dataspaceconnector-configuration.properties. Ignoring.[0m
[0;32mINFO 2026-08-27T15:52:03.251972495 federated-catalog-rs crawler-edc-fixture: no-op identity: registered FixtureNoopIdentityService (no real auth - out of scope, see module doc comment)[0m
[0;32mINFO 2026-08-27T15:52:03.282423064 HTTPS enforcement it not enabled, please enable it in a production environment[0m
[0;33mWARNING 2026-08-27T15:52:03.475291418 Config value: no setting found for 'edc.hostname', falling back to default value 'localhost'[0m
[0;33mWARNING 2026-08-27T15:52:03.558000667 Using the InMemoryVault is not suitable for production scenarios and should be replaced with an actual Vault![0m
[0;33mWARNING 2026-08-27T15:52:03.560442972 No TransactionContext registered, a no-op implementation will be used, not suitable for production environments[0m
[0;33mWARNING 2026-08-27T15:52:03.582165987 No TokenDecorator was registered. The 'scope' field of outgoing protocol messages will be empty[0m
SLF4J(W): No SLF4J providers were found.
SLF4J(W): Defaulting to no-operation (NOP) logger implementation
SLF4J(W): See https://www.slf4j.org/codes.html#noProviders for further details.
[0;33mWARNING 2026-08-27T15:52:03.926241482 [Delegated API Authentication] No audience configured for delegated authentication, defaulting to the participantId[0m
[0;32mINFO 2026-08-27T15:52:03.938670272 federated-catalog-rs crawler-edc-fixture: catalog seed: seeded 7 asset(s) [HARVEST-E-01, HARVEST-E-02, HARVEST-E-03, HARVEST-E-04, HARVEST-E-05, HARVEST-E-06, HARVEST-E-07] under participantContextId='HARVEST-E'[0m
[0;32mINFO 2026-08-27T15:52:04.733094399 89 service extensions started[0m
[0;32mINFO 2026-08-27T15:52:04.734069772 Runtime db2d86e2-2dbe-48c2-9576-ca870865ad8d ready[0m
[0;31mSEVERE 2026-08-27T15:53:14.973947397 StateMachineManager [ProviderContractNegotiationManagerImpl] unrecoverable error[0m
[0;31mjava.util.concurrent.RejectedExecutionException: Task java.util.concurrent.ScheduledThreadPoolExecutor$ScheduledFutureTask@697d4ec[Not completed, task = java.util.concurrent.Executors$RunnableAdapter@52d0ec61[Wrapped task = org.eclipse.edc.statemachine.StateMachineManager$$Lambda/0x000075d3a42d1230@4a04ea2b]] rejected from java.util.concurrent.ScheduledThreadPoolExecutor@23382f76[Shutting down, pool size = 1, active threads = 1, queued tasks = 0, completed tasks = 71]
	at java.base/java.util.concurrent.ThreadPoolExecutor$AbortPolicy.rejectedExecution(ThreadPoolExecutor.java:2081)
	at java.base/java.util.concurrent.ThreadPoolExecutor.reject(ThreadPoolExecutor.java:841)
	at java.base/java.util.concurrent.ScheduledThreadPoolExecutor.delayedExecute(ScheduledThreadPoolExecutor.java:340)
	at java.base/java.util.concurrent.ScheduledThreadPoolExecutor.schedule(ScheduledThreadPoolExecutor.java:562)
	at java.base/java.util.concurrent.Executors$DelegatedScheduledExecutorService.schedule(Executors.java:871)
	at org.eclipse.edc.statemachine.StateMachineManager.scheduleNextIterationIn(StateMachineManager.java:135)
	at org.eclipse.edc.statemachine.StateMachineManager.performLogic(StateMachineManager.java:129)
	at org.eclipse.edc.statemachine.StateMachineManager.logic(StateMachineManager.java:105)
	at java.base/java.util.concurrent.Executors$RunnableAdapter.call(Executors.java:572)
	at java.base/java.util.concurrent.FutureTask.run(FutureTask.java:317)
	at java.base/java.util.concurrent.ScheduledThreadPoolExecutor$ScheduledFutureTask.run(ScheduledThreadPoolExecutor.java:304)
	at java.base/java.util.concurrent.ThreadPoolExecutor.runWorker(ThreadPoolExecutor.java:1144)
	at java.base/java.util.concurrent.ThreadPoolExecutor$Worker.run(ThreadPoolExecutor.java:642)
	at java.base/java.lang.Thread.run(Thread.java:1583)
[0m[0;32mINFO 2026-08-27T15:53:14.975556987 Shutdown complete[0m
[0;32mINFO 2026-08-27T15:53:14.976261894 Cleanup complete[0m
[0;32mINFO 2026-08-27T15:56:17.792253413 Booting EDC runtime[0m
[0;33mWARNING 2026-08-27T15:56:17.818171823 Configuration file does not exist: dataspaceconnector-configuration.properties. Ignoring.[0m
[0;32mINFO 2026-08-27T15:56:17.954769617 federated-catalog-rs crawler-edc-fixture: no-op identity: registered FixtureNoopIdentityService (no real auth - out of scope, see module doc comment)[0m
[0;32mINFO 2026-08-27T15:56:17.985768165 HTTPS enforcement it not enabled, please enable it in a production environment[0m
[0;33mWARNING 2026-08-27T15:56:18.178006609 Config value: no setting found for 'edc.hostname', falling back to default value 'localhost'[0m
[0;33mWARNING 2026-08-27T15:56:18.249172424 Using the InMemoryVault is not suitable for production scenarios and should be replaced with an actual Vault![0m
[0;33mWARNING 2026-08-27T15:56:18.250792138 No TransactionContext registered, a no-op implementation will be used, not suitable for production environments[0m
[0;33mWARNING 2026-08-27T15:56:18.265365511 No TokenDecorator was registered. The 'scope' field of outgoing protocol messages will be empty[0m
SLF4J(W): No SLF4J providers were found.
SLF4J(W): Defaulting to no-operation (NOP) logger implementation
SLF4J(W): See https://www.slf4j.org/codes.html#noProviders for further details.
[0;33mWARNING 2026-08-27T15:56:18.621368704 [Delegated API Authentication] No audience configured for delegated authentication, defaulting to the participantId[0m
[0;32mINFO 2026-08-27T15:56:18.633541102 federated-catalog-rs crawler-edc-fixture: catalog seed: seeded 7 asset(s) [HARVEST-E-01, HARVEST-E-02, HARVEST-E-03, HARVEST-E-04, HARVEST-E-05, HARVEST-E-06, HARVEST-E-07] under participantContextId='HARVEST-E'[0m
[0;32mINFO 2026-08-27T15:56:19.313597298 89 service extensions started[0m
[0;32mINFO 2026-08-27T15:56:19.314232198 Runtime 5a80f4c5-dd3b-4838-90dc-b011e1548f00 ready[0m
